[    0.000000] Linux version 4.15.0-204-generic (buildd@lcy02-amd64-030) (gcc version 7.5.0 (Ubuntu 7.5.0-3ubuntu1~18.04)) #215-Ubuntu SMP Fri Jan 20 18:24:59 UTC 2023 (Ubuntu 4.15.0-204.215-generic 4.15.18)
[    0.000000] Command line: BOOT_IMAGE=/boot/vmlinuz-4.15.0-204-generic root=LABEL=cloudimg-rootfs ro console=tty1 console=ttyS0
[    0.000000] KERNEL supported cpus:
[    0.000000]   Intel GenuineIntel
[    0.000000]   AMD AuthenticAMD
[    0.000000]   Centaur CentaurHauls
[    0.000000] [Firmware Bug]: TSC doesn't count with P0 frequency!
[    0.000000] x86/fpu: x87 FPU will use FXSAVE
[    0.000000] e820: BIOS-provided physical RAM map:
[    0.000000] BIOS-e820: [mem 0x0000000000000000-0x000000000009fbff] usable
[    0.000000] BIOS-e820: [mem 0x000000000009fc00-0x000000000009ffff] reserved
[    0.000000] BIOS-e820: [mem 0x00000000000f0000-0x00000000000fffff] reserved
[    0.000000] BIOS-e820: [mem 0x0000000000100000-0x000000007ffeffff] usable
[    0.000000] BIOS-e820: [mem 0x000000007fff0000-0x000000007fffffff] ACPI data
[    0.000000] BIOS-e820: [mem 0x00000000fec00000-0x00000000fec00fff] reserved
[    0.000000] BIOS-e820: [mem 0x00000000fee00000-0x00000000fee00fff] reserved
[    0.000000] BIOS-e820: [mem 0x00000000fffc0000-0x00000000ffffffff] reserved
[    0.000000] NX (Execute Disable) protection: active
[    0.000000] SMBIOS 2.5 present.
[    0.000000] DMI: innotek GmbH VirtualBox/VirtualBox, BIOS VirtualBox 12/01/2006
[    0.000000] Hypervisor detected: KVM
[    0.000000] e820: last_pfn = 0x7fff0 max_arch_pfn = 0x400000000
[    0.000000] MTRR: Disabled
[    0.000000] x86/PAT: MTRRs disabled, skipping PAT initialization too.
[    0.000000] CPU MTRRs all blank - virtualized system.
[    0.000000] x86/PAT: Configuration [0-7]: WB  WT  UC- UC  WB  WT  UC- UC  
[    0.000000] found SMP MP-table at [mem 0x0009fff0-0x0009ffff]
[    0.000000] Scanning 1 areas for low memory corruption
[    0.000000] RAMDISK: [mem 0x359cb000-0x36cdcfff]
[    0.000000] ACPI: Early table checksum verification disabled
[    0.000000] ACPI: RSDP 0x00000000000E0000 000024 (v02 VBOX  )
[    0.000000] ACPI: XSDT 0x000000007FFF0030 00003C (v01 VBOX   VBOXXSDT 00000001 ASL  00000061)
[    0.000000] ACPI: FACP 0x000000007FFF00F0 0000F4 (v04 VBOX   VBOXFACP 00000001 ASL  00000061)
[    0.000000] ACPI: DSDT 0x000000007FFF0610 002353 (v02 VBOX   VBOXBIOS 00000002 INTL 20100528)
[    0.000000] ACPI: FACS 0x000000007FFF0200 000040
[    0.000000] ACPI: FACS 0x000000007FFF0200 000040
[    0.000000] ACPI: APIC 0x000000007FFF0240 00005C (v02 VBOX   VBOXAPIC 00000001 ASL  00000061)
[    0.000000] ACPI: SSDT 0x000000007FFF02A0 00036C (v01 VBOX   VBOXCPUT 00000002 INTL 20100528)
[    0.000000] ACPI: Reserving FACP table memory at [mem 0x7fff00f0-0x7fff01e3]
[    0.000000] ACPI: Reserving DSDT table memory at [mem 0x7fff0610-0x7fff2962]
[    0.000000] ACPI: Reserving FACS table memory at [mem 0x7fff0200-0x7fff023f]
[    0.000000] ACPI: Reserving FACS table memory at [mem 0x7fff0200-0x7fff023f]
[    0.000000] ACPI: Reserving APIC table memory at [mem 0x7fff0240-0x7fff029b]
[    0.000000] ACPI: Reserving SSDT table memory at [mem 0x7fff02a0-0x7fff060b]
[    0.000000] No NUMA configuration found
[    0.000000] Faking a node at [mem 0x0000000000000000-0x000000007ffeffff]
[    0.000000] NODE_DATA(0) allocated [mem 0x7ffc5000-0x7ffeffff]
[    0.000000] kvm-clock: cpu 0, msr 0:7ff44001, primary cpu clock
[    0.000000] kvm-clock: Using msrs 4b564d01 and 4b564d00
[    0.000000] kvm-clock: using sched offset of 3786143594 cycles
[    0.000000] clocksource: kvm-clock: mask: 0xffffffffffffffff max_cycles: 0x1cd42e4dffb, max_idle_ns: 881590591483 ns
[    0.000000] Zone ranges:
[    0.000000]   DMA      [mem 0x0000000000001000-0x0000000000ffffff]
[    0.000000]   DMA32    [mem 0x0000000001000000-0x000000007ffeffff]
[    0.000000]   Normal   empty
[    0.000000]   Device   empty
[    0.000000] Movable zone start for each node
[    0.000000] Early memory node ranges
[    0.000000]   node   0: [mem 0x0000000000001000-0x000000000009efff]
[    0.000000]   node   0: [mem 0x0000000000100000-0x000000007ffeffff]
[    0.000000] Reserved but unavailable: 104 pages
[    0.000000] Initmem setup node 0 [mem 0x0000000000001000-0x000000007ffeffff]
[    0.000000] ACPI: PM-Timer IO Port: 0x4008
[    0.000000] IOAPIC[0]: apic_id 2, version 32, address 0xfec00000, GSI 0-23
[    0.000000] ACPI: INT_SRC_OVR (bus 0 bus_irq 0 global_irq 2 dfl dfl)
[    0.000000] ACPI: INT_SRC_OVR (bus 0 bus_irq 9 global_irq 9 low level)
[    0.000000] Using ACPI (MADT) for SMP configuration information
[    0.000000] smpboot: Allowing 2 CPUs, 0 hotplug CPUs
[    0.000000] PM: Registered nosave memory: [mem 0x00000000-0x00000fff]
[    0.000000] PM: Registered nosave memory: [mem 0x0009f000-0x0009ffff]
[    0.000000] PM: Registered nosave memory: [mem 0x000a0000-0x000effff]
[    0.000000] PM: Registered nosave memory: [mem 0x000f0000-0x000fffff]
[    0.000000] e820: [mem 0x80000000-0xfebfffff] available for PCI devices
[    0.000000] Booting paravirtualized kernel on KVM
[    0.000000] clocksource: refined-jiffies: mask: 0xffffffff max_cycles: 0xffffffff, max_idle_ns: 7645519600211568 ns
[    0.000000] setup_percpu: NR_CPUS:8192 nr_cpumask_bits:2 nr_cpu_ids:2 nr_node_ids:1
[    0.000000] percpu: Embedded 50 pages/cpu s167936 r8192 d28672 u1048576
[    0.000000] PV qspinlock hash table entries: 256 (order: 0, 4096 bytes)
[    0.000000] Built 1 zonelists, mobility grouping on.  Total pages: 515961
[    0.000000] Policy zone: DMA32
[    0.000000] Kernel command line: BOOT_IMAGE=/boot/vmlinuz-4.15.0-204-generic root=LABEL=cloudimg-rootfs ro console=tty1 console=ttyS0
[    0.000000] Memory: 2014836K/2096696K available (12300K kernel code, 2477K rwdata, 4324K rodata, 2480K init, 2720K bss, 81860K reserved, 0K cma-reserved)
[    0.000000] SLUB: HWalign=64, Order=0-3, MinObjects=0, CPUs=2, Nodes=1
[    0.000000] ftrace: allocating 39488 entries in 155 pages
[    0.004000] Hierarchical RCU implementation.
[    0.004000] 	RCU restricting CPUs from NR_CPUS=8192 to nr_cpu_ids=2.
[    0.004000] 	Tasks RCU enabled.
[    0.004000] RCU: Adjusting geometry for rcu_fanout_leaf=16, nr_cpu_ids=2
[    0.004000] NR_IRQS: 524544, nr_irqs: 440, preallocated irqs: 16
[    0.004000] random: crng init done
[    0.004000] Console: colour VGA+ 80x25
[    0.004000] console [tty1] enabled
[    0.004000] console [ttyS0] enabled
[    0.004000] ACPI: Core revision 20170831
[    0.004000] ACPI: 2 ACPI AML tables successfully acquired and loaded
[    0.004000] APIC: Switch to symmetric I/O mode setup
[    0.004000] ..TIMER: vector=0x30 apic1=0 pin1=2 apic2=-1 pin2=-1
[    0.004005] tsc: Detected 3293.730 MHz processor
[    0.008008] Calibrating delay loop (skipped) preset value.. 6587.46 BogoMIPS (lpj=13174920)
[    0.012003] pid_max: default: 32768 minimum: 301
[    0.016063] Security Framework initialized
[    0.020003] Yama: becoming mindful.
[    0.022619] AppArmor: AppArmor initialized
[    0.031613] Dentry cache hash table entries: 262144 (order: 9, 2097152 bytes)
[    0.034563] Inode-cache hash table entries: 131072 (order: 8, 1048576 bytes)
[    0.036140] Mount-cache hash table entries: 4096 (order: 3, 32768 bytes)
[    0.040095] Mountpoint-cache hash table entries: 4096 (order: 3, 32768 bytes)
[    0.044933] Last level iTLB entries: 4KB 512, 2MB 512, 4MB 256
[    0.048003] Last level dTLB entries: 4KB 2048, 2MB 2048, 4MB 1024, 1GB 0
[    0.052003] Spectre V1 : Mitigation: usercopy/swapgs barriers and __user pointer sanitization
[    0.060003] Spectre V2 : Mitigation: Retpolines
[    0.063198] Spectre V2 : Spectre v2 / SpectreRSB mitigation: Filling RSB on context switch
[    0.064002] Spectre V2 : Spectre v2 / SpectreRSB : Filling RSB on VMEXIT
[    0.068171] Freeing SMP alternatives memory: 36K
[    0.185061] smpboot: CPU0: AMD Ryzen 9 5900HX with Radeon Graphics (family: 0x19, model: 0x50, stepping: 0x0)
[    0.188346] Performance Events: PMU not available due to virtualization, using software events only.
[    0.192107] Hierarchical SRCU implementation.
[    0.200716] NMI watchdog: Perf event create on CPU 0 failed with -2
[    0.204002] NMI watchdog: Perf NMI watchdog permanently disabled
[    0.208289] smp: Bringing up secondary CPUs ...
[    0.212695] x86: Booting SMP configuration:
[    0.216003] .... node  #0, CPUs:      #1
[    0.004000] kvm-clock: cpu 1, msr 0:7ff44041, secondary cpu clock
[    0.226288] TSC synchronization [CPU#0 -> CPU#1]:
[    0.228000] Measured 63319 cycles TSC warp between CPUs, turning off TSC clock.
[    0.228000] tsc: Marking TSC unstable due to check_tsc_sync_source failed
[    0.232249] smp: Brought up 1 node, 2 CPUs
[    0.234805] smpboot: Max logical packages: 1
[    0.236006] smpboot: Total of 2 processors activated (13174.92 BogoMIPS)
[    0.240441] devtmpfs: initialized
[    0.244253] x86/mm: Memory block size: 128MB
[    0.248501] evm: security.selinux
[    0.252002] evm: security.SMACK64
[    0.256002] evm: security.SMACK64EXEC
[    0.260002] evm: security.SMACK64TRANSMUTE
[    0.264002] evm: security.SMACK64MMAP
[    0.268002] evm: security.apparmor
[    0.272002] evm: security.ima
[    0.276002] evm: security.capability
[    0.280309] clocksource: jiffies: mask: 0xffffffff max_cycles: 0xffffffff, max_idle_ns: 7645041785100000 ns
[    0.288007] futex hash table entries: 512 (order: 3, 32768 bytes)
[    0.292337] pinctrl core: initialized pinctrl subsystem
[    0.300346] RTC time: 10:55:54, date: 02/18/23
[    0.304967] NET: Registered protocol family 16
[    0.308141] audit: initializing netlink subsys (disabled)
[    0.312278] audit: type=2000 audit(1676717759.551:1): state=initialized audit_enabled=0 res=1
[    0.320009] cpuidle: using governor ladder
[    0.322872] cpuidle: using governor menu
[    0.328099] ACPI: bus type PCI registered
[    0.330760] acpiphp: ACPI Hot Plug PCI Controller Driver version: 0.5
[    0.336467] PCI: Using configuration type 1 for base access
[    0.340002] PCI: Using configuration type 1 for extended access
[    0.348420] HugeTLB registered 2.00 MiB page size, pre-allocated 0 pages
[    0.356322] ACPI: Added _OSI(Module Device)
[    0.360003] ACPI: Added _OSI(Processor Device)
[    0.362561] ACPI: Added _OSI(3.0 _SCP Extensions)
[    0.364003] ACPI: Added _OSI(Processor Aggregator Device)
[    0.368003] ACPI: Added _OSI(Linux-Dell-Video)
[    0.371250] ACPI: Added _OSI(Linux-Lenovo-NV-HDMI-Audio)
[    0.372003] ACPI: Added _OSI(Linux-HPI-Hybrid-Graphics)
[    0.376807] ACPI: Executed 1 blocks of module-level executable AML code
[    0.387243] ACPI: Interpreter enabled
[    0.388016] ACPI: (supports S0 S5)
[    0.390623] ACPI: Using IOAPIC for interrupt routing
[    0.392286] PCI: Using host bridge windows from ACPI; if necessary, use "pci=nocrs" and report a bug
[    0.396166] ACPI: Enabled 2 GPEs in block 00 to 07
[    0.408895] ACPI: PCI Root Bridge [PCI0] (domain 0000 [bus 00-ff])
[    0.412000] acpi PNP0A03:00: _OSC: OS supports [ExtendedConfig ASPM ClockPM Segments MSI]
[    0.413520] acpi PNP0A03:00: _OSC: platform does not support [PCIeCapability]
[    0.416761] acpi PNP0A03:00: _OSC: not requesting control; platform does not support [PCIeCapability]
[    0.420004] acpi PNP0A03:00: _OSC: OS requested [PCIeHotplug PME AER PCIeCapability]
[    0.424003] acpi PNP0A03:00: _OSC: platform willing to grant [PCIeHotplug PME AER]
[    0.428003] acpi PNP0A03:00: _OSC failed (AE_SUPPORT); disabling ASPM
[    0.432514] PCI host bridge to bus 0000:00
[    0.436004] pci_bus 0000:00: root bus resource [io  0x0000-0x0cf7 window]
[    0.440004] pci_bus 0000:00: root bus resource [io  0x0d00-0xffff window]
[    0.444004] pci_bus 0000:00: root bus resource [mem 0x000a0000-0x000bffff window]
[    0.448003] pci_bus 0000:00: root bus resource [mem 0x80000000-0xfdffffff window]
[    0.452003] pci_bus 0000:00: root bus resource [bus 00-ff]
[    0.461829] pci 0000:00:01.1: legacy IDE quirk: reg 0x10: [io  0x01f0-0x01f7]
[    0.464003] pci 0000:00:01.1: legacy IDE quirk: reg 0x14: [io  0x03f6]
[    0.468003] pci 0000:00:01.1: legacy IDE quirk: reg 0x18: [io  0x0170-0x0177]
[    0.472004] pci 0000:00:01.1: legacy IDE quirk: reg 0x1c: [io  0x0376]
[    0.496689] pci 0000:00:07.0: quirk: [io  0x4000-0x403f] claimed by PIIX4 ACPI
[    0.500032] pci 0000:00:07.0: quirk: [io  0x4100-0x410f] claimed by PIIX4 SMB
[    0.513290] ACPI: PCI Interrupt Link [LNKA] (IRQs 5 9 10 *11)
[    0.516377] ACPI: PCI Interrupt Link [LNKB] (IRQs 5 9 *10 11)
[    0.520192] ACPI: PCI Interrupt Link [LNKC] (IRQs 5 *9 10 11)
[    0.524188] ACPI: PCI Interrupt Link [LNKD] (IRQs 5 9 10 *11)
[    0.528543] SCSI subsystem initialized
[    0.532191] pci 0000:00:02.0: vgaarb: setting as boot VGA device
[    0.536000] pci 0000:00:02.0: vgaarb: VGA device added: decodes=io+mem,owns=io+mem,locks=none
[    0.536005] pci 0000:00:02.0: vgaarb: bridge control possible
[    0.540002] vgaarb: loaded
[    0.544099] ACPI: bus type USB registered
[    0.548068] usbcore: registered new interface driver usbfs
[    0.551629] usbcore: registered new interface driver hub
[    0.552013] usbcore: registered new device driver usb
[    0.556202] EDAC MC: Ver: 3.0.0
[    0.560296] PCI: Using ACPI for IRQ routing
[    0.564528] NetLabel: Initializing
[    0.568003] NetLabel:  domain hash size = 128
[    0.572002] NetLabel:  protocols = UNLABELED CIPSOv4 CALIPSO
[    0.575297] NetLabel:  unlabeled traffic allowed by default
[    0.580003] clocksource: Switched to clocksource kvm-clock
[    0.617145] VFS: Disk quotas dquot_6.6.0
[    0.624114] VFS: Dquot-cache hash table entries: 512 (order 0, 4096 bytes)
[    0.629233] AppArmor: AppArmor Filesystem Enabled
[    0.632395] pnp: PnP ACPI init
[    0.636440] pnp: PnP ACPI: found 3 devices
[    0.677070] clocksource: acpi_pm: mask: 0xffffff max_cycles: 0xffffff, max_idle_ns: 2085701024 ns
[    0.682176] NET: Registered protocol family 2
[    0.685759] IP idents hash table entries: 32768 (order: 6, 262144 bytes)
[    0.690638] TCP established hash table entries: 16384 (order: 5, 131072 bytes)
[    0.695383] TCP bind hash table entries: 16384 (order: 6, 262144 bytes)
[    0.701130] TCP: Hash tables configured (established 16384 bind 16384)
[    0.706494] UDP hash table entries: 1024 (order: 3, 32768 bytes)
[    0.710562] UDP-Lite hash table entries: 1024 (order: 3, 32768 bytes)
[    0.714817] NET: Registered protocol family 1
[    0.718628] pci 0000:00:00.0: Limiting direct PCI/PCI transfers
[    0.722856] pci 0000:00:01.0: Activating ISA DMA hang workarounds
[    0.726950] pci 0000:00:02.0: Video device with shadowed ROM at [mem 0x000c0000-0x000dffff]
[    0.732658] Unpacking initramfs...
[    0.958476] Freeing initrd memory: 19528K
[    1.121638] clocksource: tsc: mask: 0xffffffffffffffff max_cycles: 0x2f7a290c50b, max_idle_ns: 440795224901 ns
[    1.129053] platform rtc_cmos: registered platform RTC device (no PNP device found)
[    1.134929] Scanning for low memory corruption every 60 seconds
[    1.141319] Initialise system trusted keyrings
[    1.145068] Key type blacklist registered
[    1.148964] workingset: timestamp_bits=36 max_order=19 bucket_order=0
[    1.156057] zbud: loaded
[    1.159294] squashfs: version 4.0 (2009/01/31) Phillip Lougher
[    1.165209] fuse init (API version 7.26)
[    1.195889] Key type asymmetric registered
[    1.198526] Asymmetric key parser 'x509' registered
[    1.201901] Block layer SCSI generic (bsg) driver version 0.4 loaded (major 246)
[    1.208065] io scheduler noop registered
[    1.210916] io scheduler deadline registered
[    1.214871] io scheduler cfq registered (default)
[    1.221034] ACPI: AC Adapter [AC] (off-line)
[    1.225210] input: Power Button as /devices/LNXSYSTM:00/LNXPWRBN:00/input/input0
[    1.232021] ACPI: Power Button [PWRF]
[    1.235348] input: Sleep Button as /devices/LNXSYSTM:00/LNXSLPBN:00/input/input1
[    1.240876] ACPI: Sleep Button [SLPF]
[    1.245596] ACPI: Battery Slot [BAT0] (battery present)
[    1.250857] Serial: 8250/16550 driver, 32 ports, IRQ sharing enabled
[    1.284882] 00:02: ttyS0 at I/O 0x3f8 (irq = 4, base_baud = 115200) is a 16550A
[    1.306979] Linux agpgart interface v0.103
[    1.316973] loop: module loaded
[    1.320799] scsi host0: ata_piix
[    1.323183] scsi host1: ata_piix
[    1.325387] ata1: PATA max UDMA/33 cmd 0x1f0 ctl 0x3f6 bmdma 0xd000 irq 14
[    1.330006] ata2: PATA max UDMA/33 cmd 0x170 ctl 0x376 bmdma 0xd008 irq 15
[    1.334973] tun: Universal TUN/TAP device driver, 1.6
[    1.339236] PPP generic driver version 2.4.2
[    1.342849] ehci_hcd: USB 2.0 'Enhanced' Host Controller (EHCI) Driver
[    1.346649] ehci-pci: EHCI PCI platform driver
[    1.349400] ehci-platform: EHCI generic platform driver
[    1.352502] ohci_hcd: USB 1.1 'Open' Host Controller (OHCI) Driver
[    1.355959] ohci-pci: OHCI PCI platform driver
[    1.356433] ohci-platform: OHCI generic platform driver
[    1.361411] uhci_hcd: USB Universal Host Controller Interface driver
[    1.365344] i8042: PNP: PS/2 Controller [PNP0303:PS2K,PNP0f03:PS2M] at 0x60,0x64 irq 1,12
[    1.372152] serio: i8042 KBD port at 0x60,0x64 irq 1
[    1.374093] serio: i8042 AUX port at 0x60,0x64 irq 12
[    1.378475] mousedev: PS/2 mouse device common for all mice
[    1.385171] rtc_cmos rtc_cmos: rtc core: registered rtc_cmos as rtc0
[    1.389939] input: AT Translated Set 2 keyboard as /devices/platform/i8042/serio0/input/input2
[    1.392124] rtc_cmos rtc_cmos: alarms up to one day, 114 bytes nvram
[    1.399587] i2c /dev entries driver
[    1.401842] device-mapper: uevent: version 1.0.3
[    1.405425] device-mapper: ioctl: 4.37.0-ioctl (2017-09-20) initialised: dm-devel@redhat.com
[    1.410666] ledtrig-cpu: registered to indicate activity on CPUs
[    1.415819] NET: Registered protocol family 10
[    1.426403] Segment Routing with IPv6
[    1.429020] NET: Registered protocol family 17
[    1.432248] Key type dns_resolver registered
[    1.435148] mce: Using 0 MCE banks
[    1.437304] RAS: Correctable Errors collector initialized.
[    1.440397] sched_clock: Marking stable (1437214683, 0)->(1988363212, -551148529)
[    1.447876] registered taskstats version 1
[    1.450990] Loading compiled-in X.509 certificates
[    1.457082] Loaded X.509 cert 'Build time autogenerated kernel key: 449f52b446813ee48ad446aa51a5377584e80c28'
[    1.464441] Loaded X.509 cert 'Canonical Ltd. Live Patch Signing: 14df34d1a87cf37625abec039ef2bf521249b969'
[    1.470626] Loaded X.509 cert 'Canonical Ltd. Kernel Module Signing: 88f752e560a1e0737e31163a466ad7b70a850c19'
[    1.476463] blacklist: Loading compiled-in revocation X.509 certificates
[    1.480396] Loaded X.509 cert 'Canonical Ltd. Secure Boot Signing: 61482aa2830d0ab2ad5af10b7250da9033ddcef0'
[    1.486140] Loaded X.509 cert 'Canonical Ltd. Secure Boot Signing (2017): 242ade75ac4a15e50d50c84b0d45ff3eae707a03'
[    1.496148] Loaded X.509 cert 'Canonical Ltd. Secure Boot Signing (ESM 2018): 365188c1d374d6b07c3c8f240f8ef722433d6a8b'
[    1.503089] Loaded X.509 cert 'Canonical Ltd. Secure Boot Signing (2019): c0746fd6c5da3ae827864651ad66ae47fe24b3e8'
[    1.510401] Loaded X.509 cert 'Canonical Ltd. Secure Boot Signing (2021 v1): a8d54bbb3825cfb94fa13c9f8a594a195c107b8d'
[    1.517802] Loaded X.509 cert 'Canonical Ltd. Secure Boot Signing (2021 v2): 4cf046892d6fd3c9a5b03f98d845f90851dc6a8c'
[    1.525441] Loaded X.509 cert 'Canonical Ltd. Secure Boot Signing (2021 v3): 100437bb6de6e469b581e61cd66bce3ef4ed53af'
[    1.532350] Loaded X.509 cert 'Canonical Ltd. Secure Boot Signing (Ubuntu Core 2019): c1d57b8f6b743f23ee41f4f7ee292f06eecadfb9'
[    1.540365] zswap: loaded using pool lzo/zbud
[    1.551063] Key type big_key registered
[    1.553417] Key type trusted registered
[    1.559158] Key type encrypted registered
[    1.562239] AppArmor: AppArmor sha1 policy hashing enabled
[    1.566292] ima: No TPM chip found, activating TPM-bypass! (rc=-19)
[    1.570802] ima: Allocated hash algorithm: sha1
[    1.574088] evm: HMAC attrs: 0x1
[    1.577255]   Magic number: 11:278:932
[    1.580715] rtc_cmos rtc_cmos: setting system clock to 2023-02-18 10:55:55 UTC (1676717755)
[    1.586474] BIOS EDD facility v0.16 2004-Jun-25, 0 devices found
[    1.590236] EDD information not available.
[    1.595339] Freeing unused kernel image memory: 2480K
[    1.624049] Write protecting the kernel read-only data: 20480k
[    1.629734] Freeing unused kernel image memory: 2008K
[    1.634375] Freeing unused kernel image memory: 1820K
[    1.641663] x86/mm: Checked W+X mappings: passed, no W+X pages found.
Loading, please wait...
starting version 237
[    1.721269] Fusion MPT base driver 3.04.20
[    1.724392] Copyright (c) 1999-2008 LSI Corporation
[    1.738491] e1000: Intel(R) PRO/1000 Network Driver - version 7.3.21-k8-NAPI
[    1.744141] e1000: Copyright (c) 1999-2006 Intel Corporation.
[    1.777222] SSE version of gcm_enc/dec engaged.
[    1.782116] Fusion MPT SPI Host driver 3.04.20
[    1.989534] input: ImExPS/2 Generic Explorer Mouse as /devices/platform/i8042/serio1/input/input4
[    2.687075] e1000 0000:00:03.0 eth0: (PCI:33MHz:32-bit) 02:1d:71:e8:cf:d1
[    2.692163] e1000 0000:00:03.0 eth0: Intel(R) PRO/1000 Network Connection
[    3.248358] e1000 0000:00:08.0 eth1: (PCI:33MHz:32-bit) 08:00:27:e1:52:e0
[    3.252433] e1000 0000:00:08.0 eth1: Intel(R) PRO/1000 Network Connection
[    3.258190] mptbase: ioc0: Initiating bringup
[    3.259178] e1000 0000:00:08.0 enp0s8: renamed from eth1
[    3.366388] ioc0: LSI53C1030 A0: Capabilities={Initiator}
[    3.377970] e1000 0000:00:03.0 enp0s3: renamed from eth0
[    4.381030] scsi host2: ioc0: LSI53C1030 A0, FwRev=00000000h, Ports=1, MaxQ=256, IRQ=20
[    4.554520] scsi 2:0:0:0: Direct-Access     VBOX     HARDDISK         1.0  PQ: 0 ANSI: 5
[    4.604712] scsi target2:0:0: Beginning Domain Validation
[    4.617285] scsi target2:0:0: Domain Validation skipping write tests
[    4.621851] scsi target2:0:0: Ending Domain Validation
[    4.626278] scsi target2:0:0: asynchronous
[    4.630347] scsi 2:0:1:0: Direct-Access     VBOX     HARDDISK         1.0  PQ: 0 ANSI: 5
[    4.700480] scsi target2:0:1: Beginning Domain Validation
[    4.712425] scsi target2:0:1: Domain Validation skipping write tests
[    4.716137] scsi target2:0:1: Ending Domain Validation
[    4.719773] scsi target2:0:1: asynchronous
[    4.735240] sd 2:0:0:0: Attached scsi generic sg0 type 0
[    4.736621] sd 2:0:0:0: [sda] 83886080 512-byte logical blocks: (42.9 GB/40.0 GiB)
[    4.740278] sd 2:0:1:0: Attached scsi generic sg1 type 0
[    4.746358] sd 2:0:1:0: [sdb] 20480 512-byte logical blocks: (10.5 MB/10.0 MiB)
[    4.754385] sd 2:0:1:0: [sdb] Write Protect is off
[    4.757866] sd 2:0:0:0: [sda] Write Protect is off
[    4.758043] sd 2:0:1:0: [sdb] Incomplete mode parameter data
[    4.765600] sd 2:0:1:0: [sdb] Assuming drive cache: write through
[    4.769974] sd 2:0:0:0: [sda] Incomplete mode parameter data
[    4.774455] sd 2:0:0:0: [sda] Assuming drive cache: write through
[    4.783348] sd 2:0:1:0: [sdb] Attached SCSI disk
[    4.786599]  sda: sda1
[    4.790500] sd 2:0:0:0: [sda] Attached SCSI disk
Begin: Loading essential drivers ... [    6.652674] raid6: sse2x1   gen()  5357 MB/s
[    6.700482] raid6: sse2x1   xor()  8391 MB/s
[    6.748868] raid6: sse2x2   gen()  9315 MB/s
[    6.800137] raid6: sse2x2   xor() 10254 MB/s
[    6.849007] raid6: sse2x4   gen() 14170 MB/s
[    6.896085] raid6: sse2x4   xor()  6067 MB/s
[    6.899180] raid6: using algorithm sse2x4 gen() 14170 MB/s
[    6.902889] raid6: .... xor() 6067 MB/s, rmw enabled
[    6.906193] raid6: using ssse3x2 recovery algorithm
[    6.911358] xor: measuring software checksum speed
[   11.700837]    prefetch64-sse: -889385.-296 MB/sec
[   11.809225]    generic_sse: 37912.000 MB/sec
[   11.812749] xor: using function: generic_sse (37912.000 MB/sec)
[   11.819308] async_tx: api initialized (async)
done.
Begin: Running /scripts/init-premount ... done.
Begin: Mounting root file system ... Begin: Running /scripts/local-top ... done.
Begin: Running /scripts/local-premount ... [   11.876613] Btrfs loaded, crc32c=crc32c-intel
Scanning for Btrfs filesystems
done.
Warning: fsck not present, so skipping root file system
[   11.930466] EXT4-fs (sda1): mounted filesystem with ordered data mode. Opts: (null)
done.
Begin: Running /scripts/local-bottom ... done.
Begin: Running /scripts/init-bottom ... done.
[   12.157621] ip_tables: (C) 2000-2006 Netfilter Core Team
[   12.177371] systemd[1]: systemd 237 running in system mode. (+PAM +AUDIT +SELINUX +IMA +APPARMOR +SMACK +SYSVINIT +UTMP +LIBCRYPTSETUP +GCRYPT +GNUTLS +ACL +XZ +LZ4 +SECCOMP +BLKID +ELFUTILS +KMOD -IDN2 +IDN -PCRE2 default-hierarchy=hybrid)
[   12.191976] systemd[1]: Detected virtualization oracle.
[   12.196174] systemd[1]: Detected architecture x86-64.

Welcome to [1mUbuntu 18.04.6 LTS[0m!

[   12.227128] systemd[1]: Set hostname to <ubuntu>.
[   12.235462] systemd[1]: Initializing machine ID from random generator.
[   12.239275] systemd[1]: Installed transient /etc/machine-id file.
[   12.570072] systemd[1]: Reached target Mounting snaps.
[[0;32m  OK  [0m] Reached target Mounting snaps.
[   12.585130] systemd[1]: Created slice User and Session Slice.
[[0;32m  OK  [0m] Created slice User and Session Slice.
[   12.590408] systemd[1]: Set up automount Arbitrary Executable File Formats File System Automount Point.
[[0;32m  OK  [0m] Set up automount Arbitrary Executabâ€¦rmats File System Automount Point.
[   12.597898] systemd[1]: Started Forward Password Requests to Wall Directory Watch.
[[0;32m  OK  [0m] Started Forward Password Requests to Wall Directory Watch.
[[0;32m  OK  [0m] Reached target Mounted snaps.
[[0;32m  OK  [0m] Reached target User and Group Name Lookups.
[[0;32m  OK  [0m] Reached target Swap.
[[0;32m  OK  [0m] Reached target System Time Synchronized.
[[0;32m  OK  [0m] Created slice System Slice.
[[0;32m  OK  [0m] Listening on Journal Socket (/dev/log).
[[0;32m  OK  [0m] Reached target Slices.
[[0;32m  OK  [0m] Listening on udev Control Socket.
[[0;32m  OK  [0m] Listening on udev Kernel Socket.
[[0;32m  OK  [0m] Created slice system-serial\x2dgetty.slice.
[[0;32m  OK  [0m] Listening on Journal Audit Socket.
[[0;32m  OK  [0m] Listening on Network Service Netlink Socket.
[[0;32m  OK  [0m] Listening on Device-mapper event daemon FIFOs.
[[0;32m  OK  [0m] Listening on LVM2 poll daemon socket.
[[0;32m  OK  [0m] Listening on Syslog Socket.
[[0;32m  OK  [0m] Listening on fsck to fsckd communication Socket.
[[0;32m  OK  [0m] Listening on /dev/initctl Compatibility Named Pipe.
[[0;32m  OK  [0m] Listening on LVM2 metadata daemon socket.
[[0;32m  OK  [0m] Listening on Journal Socket.
         Starting Uncomplicated firewall...
         Starting Journal Service...
         Mounting POSIX Message Queue File System...
         Starting Monitoring of LVM2 mirrorsâ€¦ng dmeventd or progress polling...
         Mounting Kernel Debug File System...
         Mounting Huge Pages File System...
         Starting Set the console keyboard layout...
         Starting Create list of required stâ€¦ce nodes for the current kernel...
         Starting File System Check on Root Device...
         Starting udev Coldplug all Devices...
         Starting Load Kernel Modules...
[[0;32m  OK  [0m] Started Journal Service.
[[0;32m  OK  [0m] Started Uncomplicated firewall.
[[0;32m  OK  [0m] Mounted POSIX Message Queue File System.
[[0;32m  OK  [0m] Mounted Kernel Debug File System.
[[0;32m  OK  [0m] Mounted Huge Pages File System.
[[0;32m  OK  [0m] Started Create list of required staâ€¦vice nodes for the current kernel.
[[0;32m  OK  [0m] Started File System Check Daemon to report status.
         Starting Create Static Device Nodes in /dev...
[[0;32m  OK  [0m[   12.788760] Loading iSCSI transport class v2.0-870.
] Started udev Coldplug all Devices.
[[0;32m  OK  [0m] Started File System Check on Root Device.
         Starting Remount Root and Kernel File Systems...
[[0;32m  OK  [0m] Started LVM2 metadata daemon.
[[0;32m  OK  [0m] Started Create Static Device Nodes in /dev.
[   12.857509] iscsi: registered transport (tcp)
[   12.883188] iscsi: registered transport (iser)
[[0;32m  OK  [0m] Started Load Kernel Modules.
         Starting Apply Kernel Variables...
         Mounting FUSE Control File System...
         Mounting Kernel Configuration File System...
[[0;32m  OK  [0m] Mounted FUSE Control File System.
[[0;32m  OK  [0m] Mounted Kernel Configuration File System.
[[0;32m  OK  [0m] Started Remount Root and Kernel File Systems.
         Starting udev Kernel Device Manager...
         Starting Load/Save Random Seed...
         Starting Flush Journal to Persistent Storage...
[[0;32m  OK  [0m] Started Monitoring of LVM2 mirrors,â€¦sing dmeventd or progress polling.
[[0;32m  OK  [0m] Started Apply Kernel Variables.
[[0;32m  OK  [0m] Started Load/Save Random Seed.
[[0;32m  OK  [0m] Started udev Kernel Device Manager.
[[0;32m  OK  [0m] Started Flush Journal to Persistent Storage.
[[0;32m  OK  [0m] Found device /dev/ttyS0.
[[0;32m  OK  [0m] Listening on Load/Save RF Kill Switch Status /dev/rfkill Watch.
[[0;32m  OK  [0m] Started Set the console keyboard layout.
[[0;32m  OK  [0m] Reached target Local File Systems (Pre).
[[0;32m  OK  [0m] Reached target Local File Systems.
         Starting Create Volatile Files and Directories...
         Starting AppArmor initialization...
         Starting Tell Plymouth To Write Out Runtime Data...
         Starting Set console font and keymap...
         Starting ebtables ruleset management...
         Starting Commit a transient machine-id on disk...
[[0;32m  OK  [0m] Started Dispatch Password Requests to Console Directory Watch.
[[0;32m  OK  [0m] Reached target Local Encrypted Volumes.
[[0;32m  OK  [0m] Started Create Volatile Files and Directories.
         Starting Update UTMP about System Boot/Shutdown...
[[0;32m  OK  [0m] Started Tell Plymouth To Write Out Runtime Data.
[[0;32m  OK  [0m] Started Update UTMP about System Boot/Shutdown.
[[0;32m  OK  [0m] Started Commit a transient machine-id on disk.
[[0;32m  OK  [0m] Started ebtables ruleset management.
         Mounting Arbitrary Executable File Formats File System...
[[0;32m  OK  [0m] Mounted Arbitrary Executable File Formats File System.
[[0;32m  OK  [0m] Started AppArmor initialization.
         Starting Load AppArmor profiles managed internally by snapd...
         Starting Initial cloud-init job (pre-networking)...
[[0;32m  OK  [0m] Started Load AppArmor profiles managed internally by snapd.
[[0;32m  OK  [0m] Started Set console font and keymap.
[   16.641065] cloud-init[777]: Cloud-init v. 22.4.2-0ubuntu0~18.04.1 running 'init-local' at Sat, 18 Feb 2023 10:56:10 +0000. Up 16.30 seconds.
[[0;32m  OK  [0m] Started Initial cloud-init job (pre-networking).
[[0;32m  OK  [0m] Reached target Network (Pre).
         Starting Network Service...
[[0;32m  OK  [0m] Started Network Service.
         Starting Wait for Network to be Configured...
         Starting Network Name Resolution...
[[0;32m  OK  [0m] Started Network Name Resolution.
[[0;32m  OK  [0m] Reached target Network.
[[0;32m  OK  [0m] Reached target Host and Network Name Lookups.
[[0;32m  OK  [0m] Started Wait for Network to be Configured.
         Starting Initial cloud-init job (metadata service crawler)...
[   18.553877] cloud-init[906]: Cloud-init v. 22.4.2-0ubuntu0~18.04.1 running 'init' at Sat, 18 Feb 2023 10:56:12 +0000. Up 18.42 seconds.
[   18.556627] cloud-init[906]: ci-info: ++++++++++++++++++++++++++++++++++++++Net device info+++++++++++++++++++++++++++++++++++++++
[   18.559876] cloud-init[906]: ci-info: +--------+-------+----------------------------+---------------+--------+-------------------+
[   18.563059] cloud-init[906]: ci-info: | Device |   Up  |          Address           |      Mask     | Scope  |     Hw-Address    |
[   18.565981] cloud-init[906]: ci-info: +--------+-------+----------------------------+---------------+--------+-------------------+
[   18.569065] cloud-init[906]: ci-info: | enp0s3 |  True |         10.0.2.15          | 255.255.255.0 | global | 02:1d:71:e8:cf:d1 |
[   18.571902] cloud-init[906]: ci-info: | enp0s3 |  True | fe80::1d:71ff:fee8:cfd1/64 |       .       |  link  | 02:1d:71:e8:cf:d1 |
[   18.574937] cloud-init[906]: ci-info: | enp0s8 | False |             .              |       .       |   .    | 08:00:27:e1:52:e0 |
[   18.577977] cloud-init[906]: ci-info: |   lo   |  True |         127.0.0.1          |   255.0.0.0   |  host  |         .         |
[   18.580981] cloud-init[906]: ci-info: |   lo   |  True |          ::1/128           |       .       |  host  |         .         |
[   18.584356] cloud-init[906]: ci-info: +--------+-------+----------------------------+---------------+--------+-------------------+
[   18.587731] cloud-init[906]: ci-info: ++++++++++++++++++++++++++++Route IPv4 info+++++++++++++++++++++++++++++
[   18.591425] cloud-init[906]: ci-info: +-------+-------------+----------+-----------------+-----------+-------+
[   18.593939] cloud-init[906]: ci-info: | Route | Destination | Gateway  |     Genmask     | Interface | Flags |
[   18.596872] cloud-init[906]: ci-info: +-------+-------------+----------+-----------------+-----------+-------+
[   18.599211] cloud-init[906]: ci-info: |   0   |   0.0.0.0   | 10.0.2.2 |     0.0.0.0     |   enp0s3  |   UG  |
[   18.601939] cloud-init[906]: ci-info: |   1   |   10.0.2.0  | 0.0.0.0  |  255.255.255.0  |   enp0s3  |   U   |
[   18.604409] cloud-init[906]: ci-info: |   2   |   10.0.2.2  | 0.0.0.0  | 255.255.255.255 |   enp0s3  |   UH  |
[   18.606896] cloud-init[906]: ci-info: +-------+-------------+----------+-----------------+-----------+-------+
[   18.609427] cloud-init[906]: ci-info: +++++++++++++++++++Route IPv6 info+++++++++++++++++++
[   18.611494] cloud-init[906]: ci-info: +-------+-------------+---------+-----------+-------+
[   18.613477] cloud-init[906]: ci-info: | Route | Destination | Gateway | Interface | Flags |
[   18.616104] cloud-init[906]: ci-info: +-------+-------------+---------+-----------+-------+
[   18.618612] cloud-init[906]: ci-info: |   1   |  fe80::/64  |    ::   |   enp0s3  |   U   |
[   18.620738] cloud-init[906]: ci-info: |   3   |    local    |    ::   |   enp0s3  |   U   |
[   18.622950] cloud-init[906]: ci-info: |   4   |   ff00::/8  |    ::   |   enp0s3  |   U   |
[   18.625037] cloud-init[906]: ci-info: +-------+-------------+---------+-----------+-------+
[   19.566053] cloud-init[906]: Generating public/private rsa key pair.
[   19.569675] cloud-init[906]: Your identification has been saved in /etc/ssh/ssh_host_rsa_key.
[   19.573562] cloud-init[906]: Your public key has been saved in /etc/ssh/ssh_host_rsa_key.pub.
[   19.577669] cloud-init[906]: The key fingerprint is:
[   19.581641] cloud-init[906]: SHA256:pc7e5KbODtRknrHYC93RnbBkI+7iB/Bbvhp80JJUyFg root@ubuntu-bionic
[   19.587060] cloud-init[906]: The key's randomart image is:
[   19.591037] cloud-init[906]: +---[RSA 2048]----+
[   19.594798] cloud-init[906]: |       +E.o =    |
[   19.597959] cloud-init[906]: |      . oo = = . |
[   19.601705] cloud-init[906]: |      . = + o o  |
[   19.606318] cloud-init[906]: |       % @ .     |
[   19.609829] cloud-init[906]: |      + S =      |
[   19.613701] cloud-init[906]: |     . * X       |
[   19.617633] cloud-init[906]: |      . O =      |
[[0;32m  OK  [0m] Started Initial cloud-init job (metadata service crawler).
[[0;32m  OK  [0m] Reached target Cloud-config availability.
[[0;32m  OK  [0m] Reached target Network is Online.
[[0;32m  OK  [0m] Reached target Remote File Systems (Pre).
[[0;32m  OK  [0m] Reached target Remote File Systems.
[   19.631700] cloud-init         Starting Availability of block devices...
[[0;32m  OK  [0m] Reached target System Initialization.
[[0;32m  OK  [0m] Listening on cloud-init hotplug hook socket.
[[0;32m  OK  [0m] Listening on D-Bus System Message Bus Socket.
[[0;32m  OK  [0m] Started Daily apt download activities.
[[0;32m  OK  [0m] Listening on ACPID Listen Socket.
[[0;32m  OK  [0m] Started Message of the Day.
[[0;32m  OK  [0m] Listening on UUID daemon activation socket.
[[0;32m  OK  [0m] Started Ubuntu Advantage Timer for running repeated jobs.
[[0;32m  OK  [0m] Started Discard unused blocks once a week.
[[0;32m  OK  [0m] Started Daily Cleanup of Temporary Directories.
[[0;32m  OK  [0m] Listening on Open-iSCSI iscsid Socket.
         Starting Socket activation for snappy daemon.
[[0;32m  OK  [0m] Started Daily apt upgrade and clean activities.
[[0;32m  OK  [0m] Reached target Timers.
         Starting LXD - unix socket.
[[0;32m  OK  [0m] Started ACPI Events Check.
[[0;32m  OK  [0m] Reached target Paths.
[[0;32m  OK  [0m] Started Availability of block devices.
[[0;32m  OK  [0m] Listening on LXD - unix socket.
[906]: [[0;32m  OK  [0m] Listening on Socket activation for snappy daemon.
[[0;32m  OK  [0m] Reached target Sockets.
[[0;32m  OK  [0m] Reached target Basic System.
         Starting LSB: Record successful boot for GRUB...
[[0;32m  OK  [0m] Started irqbalance daemon.
         Starting LXD - container startup/shutdown...
         Starting Accounts Service...
         Starting Dispatcher daemon for systemd-networkd...
|       + B..     |
[   19.675103] cloud-init[906]:          Starting Login Service...
         Starting Permit User Sessions...
|       oB++      |         Starting Virtualbox guest utils...
[[0;32m  OK  [0m] Reached target Login Prompts (Pre).
         Starting LSB: automatic crash report generation...
[[0;32m  OK  [0m] Started D-Bus System Message Bus.

[   19.697711] cloud-init[906]: +----[SHA256]-----+
[   19.704979] cloud-init[906]: Generating public/private dsa key pair.
[   19.717095] cloud-init[906]: Your identification has been saved in /etc/ssh/ssh_host_dsa_key.
[   19.726102] cloud-init[906]: Your public key has been saved in /etc/ssh/ssh_host_dsa_key.pub.
[   19.732859] cloud-init[906]: The key fingerprint is:
[   19.737247] cloud-init[906]: SHA256:OOgQpWILZ9SyVhpZViMWm46GhLT5YU6WhrRKobAZprs root@ubuntu-bionic
[   19.744678] cloud-init[906]: The key's randomart image is:
[   19.750333] cloud-init[906]: +---[DSA 1024]----+
[   19.753711] cloud-init[906]: |o=.+Boo          |
[   19.758125] cloud-init[906]: |O=X=++ .         |
[   19.762342] cloud-init[906]: |OO=&o            |
[   19.766425] cloud-init[906]: |**%+.. .         |
[   19.771072] cloud-init[906]: |+o+oo o S        |
[   19.775917] cloud-init[906]: | o o   .         |
[   19.781520] cloud-init[906]: |E   .            |
[   19.786243] cloud-init[906]: |                 |
[   19.791970] cloud-init[906]: |                 |
[   19.797768] cloud-init[906]: +----[SHA256]-----+
[   19.802873] cloud-init[906]: Generating public/private ecdsa key pair.
[   19.808802] cloud-init[906]: Your identification has been saved in /etc/ssh/ssh_host_ecdsa_key.
[   19.814055] cloud-init[906]: Your public key has been saved in /etc/ssh/ssh_host_ecdsa_key.pub.
[   19.824762] cloud-init[906]: The key fingerprint is:
[   19.838049] cloud-init[906]: SHA256:RjR7r8VqOHLWmuIFu1HQnVw6ritCaeiJP1InB+V6JkM root@ubuntu-bionic
[   19.843404] cloud-init[906]: The key's randomart image is:
[   19.847102] cloud-init[906]: +---[ECDSA 256]---+
[   19.852014] cloud-init[906]: |        o   .    |
[   19.856355] cloud-init[906]: |    .  o = +     |
[   19.860831] cloud-init[906]: |   o  . + B      |
[   19.866590] cloud-init[906]: |  E .  o o +     |
[   19.878598] cloud-init[906]: | . + .. S . +    |
[   19.882778] cloud-init         Starting Pollinate to seed the pseudo random number generator...
         Starting System Logging Service...
         Starting Snap Daemon...
[[0;32m  OK  [0m] Started Deferred execution scheduler.
[906]: [[0;32m  OK  [0m] Started FUSE filesystem for LXC.
|  B O  = + +     |[[0;32m  OK  [0m] Started Regular background program processing daemon.
[[0;32m  OK  [0m] Started Permit User Sessions.

[   19.903324] cloud-init[906]: | + %  + B =      |
[   19.906968] cloud-[ 5902.907429] INFO: rcu_sched detected stalls on CPUs/tasks:
[ 5902.910010] 	1-...!: (0 ticks this GP) idle=832/140000000000000/0 softirq=61917/61919 fqs=1 
[ 5902.915023] 	(detected by 0, t=523547 jiffies, g=15966, c=15965, q=456)
[ 5912.843570] rcu_sched kthread starved for 523545 jiffies! g15966 c15965 f0x2 RCU_GP_WAIT_FQS(3) ->state=0x0 ->cpu=1
ed Hold until boot process finishes up.
[[0;32m  OK  [0m] Started Serial Getty [ 6038.057814] INFO: rcu_sched self-detected stall on CPU
[ 6038.057844] INFO: rcu_sched detected stalls on CPUs/tasks:
[ 6038.060382] 	0-...!: (1 ticks this GP) idle=3f6/140000000000002/0 softirq=54283/54283 fqs=1 
[ 6038.068574] 	 (t=192322 jiffies g=9878 c=9877 q=94)
[ 6038.068622] 	0-...!: (1 ticks this GP) idle=3f6/140000000000002/0 softirq=54283/54283 fqs=1 
[ 6038.071429] rcu_sched kthread starved for 192320 jiffies! g9878 c9877 f0x0 RCU_GP_WAIT_FQS(3) ->state=0x402 ->cpu=1
[ 6038.076008] 	(detected by 1, t=192322 jiffies, g=9878, c=9877, q=94)
[ 6038.086448] rcu_sched kthread starved for 192320 jiffies! g9878 c9877 f0x0 RCU_GP_WAIT_FQS(3) ->state=0x0 ->cpu=0
[ 6038.091237] INFO: rcu_sched detected stalls on CPUs/tasks:
[ 6038.094351] 	1-...!: (1 GPs behind) idle=aea/140000000000001/0 softirq=45958/45971 fqs=0 
[ 6038.098714] 	(detected by 1, t=0 jiffies, g=9879, c=9878, q=92)
0.011369] cloud-init[906]: |+ * O.ooS..      |
[   20.016772] cloud-init[906]: |o+o+ Bo o.       |
[   20.022542] cloud-init[906]: |oo.oo..+ o       |
[   20.030731] cloud-init[906]: |o.o oo. +        |
[   20.040458] cloud-init[906]: | +++...  E.      |
[   20.047423] cloud-init[906]: +----[SHA256]-----+
[[0;32m  OK  [0m] Started System Logging Service.
[[0;32m  OK  [0m] Started LSB: automatic crash report generation.
[[0;32m  OK  [0m] Started Set console scheme.
[[0;32m  OK  [0m] Created slice system-getty.slice.
[[0;32m  OK  [0m] Started Getty on tty1.
[[0;32m  OK  [0m] Reached target Login Prompts.
         Starting Authorization Manager...
[[0;32m  OK  [0m] Started LSB: Record successful boot for GRUB.
[[0;32m  OK  [0m] Started LXD - container startup/shutdown.
[[0;32m  OK  [0m] Started Authorization Manager.
[[0;32m  OK  [0m] Started Accounts Service.
[[0;32m  OK  [0m] Started Virtualbox guest utils.
[[0;32m  OK  [0m] Started Dispatcher daemon for systemd-networkd.
[[0;32m  OK  [0m] Started Snap Daemon.
         Starting Wait until snapd is fully seeded...
[[0;32m  OK  [0m] Started Pollinate to seed the pseudo random number generator.
         Starting OpenBSD Secure Shell server...
[[0;32m  OK  [0m] Started OpenBSD Secure Shell server.
         Starting Time & Date Service...
[[0;32m  OK  [0m] Started Time & Date Service.
[[0;32m  OK  [0m] Created slice User Slice of vagrant.
         Starting User Manager for UID 1000...
[[0;32m  OK  [0m] Started Session 1 of user vagrant.
[[0;32m  OK  [0m] Started User Manager for UID 1000.
[[0;32m  OK  [0m] Started Wait until snapd is fully seeded.
         Starting Apply the settings specified in cloud-config...
[   24.830328] cloud-init[1510]: Cloud-init v. 22.4.2-0ubuntu0~18.04.1 running 'modules:config' at Sat, 18 Feb 2023 10:56:18 +0000. Up 24.45 seconds.
[[0;32m  OK  [0m] Started Apply the settings specified in cloud-config.
[[0;32m  OK  [0m] Reached target Multi-User System.
         Starting Execute cloud user/final scripts...
[[0;32m  OK  [0m] Reached target Graphical Interface.
         Starting Update UTMP about System Runlevel Changes...
[[0;32m  OK  [0m] Started Update UTMP about System Runlevel Changes.
ci-info: no authorized SSH keys fingerprints found for user ubuntu.
<14>Feb 18 10:56:19 cloud-init: #############################################################
<14>Feb 18 10:56:19 cloud-init: -----BEGIN SSH HOST KEY FINGERPRINTS-----
<14>Feb 18 10:56:19 cloud-init: 1024 SHA256:OOgQpWILZ9SyVhpZViMWm46GhLT5YU6WhrRKobAZprs root@ubuntu-bionic (DSA)
<14>Feb 18 10:56:19 cloud-init: 256 SHA256:RjR7r8VqOHLWmuIFu1HQnVw6ritCaeiJP1InB+V6JkM root@ubuntu-bionic (ECDSA)
<14>Feb 18 10:56:19 cloud-init: 256 SHA256:1Kz0gjKD677SYSsAyrEWE19Lq9ketL6adXNIDWLm974 root@ubuntu-bionic (ED25519)
<14>Feb 18 10:56:19 cloud-init: 2048 SHA256:pc7e5KbODtRknrHYC93RnbBkI+7iB/Bbvhp80JJUyFg root@ubuntu-bionic (RSA)
<14>Feb 18 10:56:19 cloud-init: -----END SSH HOST KEY FINGERPRINTS-----
<14>Feb 18 10:56:19 cloud-init: #############################################################
-----BEGIN SSH HOST KEY KEYS-----
ecdsa-sha2-nistp256 AAAAE2VjZHNhLXNoYTItbmlzdHAyNTYAAAAIbmlzdHAyNTYAAABBBIotK3U1kMaoJlptIx50ipRWnheDd5mBKI1udi0KBimA98d+bI79N43b2OfjTi8NOtt9U2CzpWjMwxPVpqJiXCo= root@ubuntu-bionic
ssh-ed25519 AAAAC3NzaC1lZDI1NTE5AAAAIK4xWQubelR4syubNbNCNGpEMdzjaOQaXipqMHCxC2wo root@ubuntu-bionic
ssh-rsa AAAAB3NzaC1yc2EAAAADAQABAAABAQCo5jfGYTW3f0mif5sevM1api3Gb380aVgtIg5B3WLpEIxvE+FtOzDQnTzrlE+UdGLds52y+9Bmk+iD9jbin+0iGG+wvibZVkWl82IO8k6HMV/1IVIQL42IfnudzKbKfYQn/RbzBnxRKAGYWpZnTAT1DurKQ5xW9tWSFAbjOKMnTbrrqAvjPWowRSFUmqeo8nYTAEfOWYgVlUfJ5l0QD6XZ5/fAQTawFuNWumvQi9MYyldufktbL18KxScw0LtYUFKT/5259UcMkajbGYNn4xh9yE8Of3dvbPo+NKHO5uAbVdjsFJofgzoAOZBuSCn227Ho2su5IvUbrpZDTJHveBxr root@ubuntu-bionic
-----END SSH HOST KEY KEYS-----
[   25.478529] cloud-init[1598]: Cloud-init v. 22.4.2-0ubuntu0~18.04.1 running 'modules:final' at Sat, 18 Feb 2023 10:56:19 +0000. Up 25.31 seconds.
[   25.478699] cloud-init[1598]: Cloud-init v. 22.4.2-0ubuntu0~18.04.1 finished at Sat, 18 Feb 2023 10:56:19 +0000. Datasource DataSourceNoCloud [seed=/dev/sdb][dsmode=net].  Up 25.47 seconds

Ubuntu 18.04.6 LTS ubuntu-bionic ttyS0

ubuntu-bionic login: 